// Jest Snapshot v1, https://goo.gl/fbAQLP

exports[`MatchControlComponent should match the snapshot 1`] = `
<app-match-control
  checkboxElementRef={[Function ElementRef]}
  elementRef={[Function ElementRef]}
  formControlName={[Function String]}
  renderer={[Function DebugRenderer2]}
>
  <div
    class="custom-control custom-checkbox"
  >
    <input
      class="custom-control-input"
      data-test-id="match-checkbox"
      id="match-control-undefined"
      name="match-control"
      type="checkbox"
    />
    <label
      class="custom-control-label"
      for="match-control-undefined"
    />
  </div>
</app-match-control>
`;
