// Jest Snapshot v1, https://goo.gl/fbAQLP

exports[`BoardFormComponent should match the snapshot 1`] = `
<app-board-form
  board={[Function Object]}
  executePlay={[Function EventEmitter]}
  formBuilder={[Function BoardFormBuilderService]}
  formGroup={[Function FormGroup]}
  resetGame={[Function EventEmitter]}
  subscriptions={[Function Array]}
>
  <form
    class="ng-untouched ng-pristine ng-valid"
    ng-reflect-form="[object Object]"
    novalidate=""
  >
    
     No data :( 
    
    <div
      class="row mt-5"
    >
      <div
        class="btn-group mx-auto"
        role="group"
      >
        <button
          class="btn btn-info"
          data-test-id="execute-play-button"
          type="button"
        >
           End Play 
        </button>
        <button
          class="btn btn-light"
          data-test-id="reset-button"
          type="button"
        >
           Reset Game 
        </button>
      </div>
    </div>
  </form>
</app-board-form>
`;
