// Jest Snapshot v1, https://goo.gl/fbAQLP

exports[`BoardFormComponent should match the snapshot 1`] = `
<app-board-form
  board={[Function Object]}
  formBuilder={[Function BoardFormBuilderService]}
  formGroup={[Function FormGroup]}
>
  <form
    class="ng-untouched ng-pristine ng-valid"
    ng-reflect-form="[object Object]"
    novalidate=""
  />
</app-board-form>
`;
