// Jest Snapshot v1, https://goo.gl/fbAQLP

exports[`BoardFormComponent should match the snapshot 1`] = `
<app-board-form
  board={[Function Object]}
  executePlay={[Function EventEmitter]}
  formBuilder={[Function BoardFormBuilderService]}
  formGroup={[Function FormGroup]}
  reset={[Function EventEmitter]}
  subscriptions={[Function Array]}
>
  <form
    class="ng-untouched ng-pristine ng-valid"
    ng-reflect-form="[object Object]"
    novalidate=""
  >
    
     No data :( 
    
    <div
      class="row mt-5"
    >
      <button
        class="btn btn-primary"
        data-test-id="execute-play-button"
        type="button"
      >
         Finish Play 
      </button>
      <button
        class="btn btn-danger"
        data-test-id="execute-play-button"
        type="button"
      >
         Reset Game 
      </button>
    </div>
  </form>
</app-board-form>
`;
