// Jest Snapshot v1, https://goo.gl/fbAQLP

exports[`BoardComponent should match the snapshot 1`] = `
<app-board
  amount$={[Function AnonymousSubject]}
  board$={[Function AnonymousSubject]}
  gameEngine={[Function GameEngineService]}
>
  <span>
    13
  </span><app-board-form
    data-test-id="board"
    ng-reflect-board="[object Object]"
  >
    <form
      class="ng-untouched ng-pristine ng-valid"
      ng-reflect-form="[object Object]"
      novalidate=""
    >
      
      
      
      <div
        class="ng-untouched ng-pristine ng-valid"
        ng-reflect-name="0"
      >
        
        <app-match-control
          class="ng-untouched ng-pristine ng-valid"
          ng-reflect-name="0"
        >
          <input
            type="checkbox"
          />
        </app-match-control>
        <app-match-control
          class="ng-untouched ng-pristine ng-valid"
          ng-reflect-name="1"
        >
          <input
            type="checkbox"
          />
        </app-match-control>
        <app-match-control
          class="ng-untouched ng-pristine ng-valid"
          ng-reflect-name="2"
        >
          <input
            type="checkbox"
          />
        </app-match-control>
        <app-match-control
          class="ng-untouched ng-pristine ng-valid"
          ng-reflect-name="3"
        >
          <input
            type="checkbox"
          />
        </app-match-control>
        <app-match-control
          class="ng-untouched ng-pristine ng-valid"
          ng-reflect-name="4"
        >
          <input
            type="checkbox"
          />
        </app-match-control>
        <app-match-control
          class="ng-untouched ng-pristine ng-valid"
          ng-reflect-name="5"
        >
          <input
            type="checkbox"
          />
        </app-match-control>
        <app-match-control
          class="ng-untouched ng-pristine ng-valid"
          ng-reflect-name="6"
        >
          <input
            type="checkbox"
          />
        </app-match-control>
        <app-match-control
          class="ng-untouched ng-pristine ng-valid"
          ng-reflect-name="7"
        >
          <input
            type="checkbox"
          />
        </app-match-control>
        <app-match-control
          class="ng-untouched ng-pristine ng-valid"
          ng-reflect-name="8"
        >
          <input
            type="checkbox"
          />
        </app-match-control>
        <app-match-control
          class="ng-untouched ng-pristine ng-valid"
          ng-reflect-name="9"
        >
          <input
            type="checkbox"
          />
        </app-match-control>
        <app-match-control
          class="ng-untouched ng-pristine ng-valid"
          ng-reflect-name="10"
        >
          <input
            type="checkbox"
          />
        </app-match-control>
        <app-match-control
          class="ng-untouched ng-pristine ng-valid"
          ng-reflect-name="11"
        >
          <input
            type="checkbox"
          />
        </app-match-control>
        <app-match-control
          class="ng-untouched ng-pristine ng-valid"
          ng-reflect-name="12"
        >
          <input
            type="checkbox"
          />
        </app-match-control>
      </div>
      <div />
      
      <button
        data-test-id="execute-play-button"
        type="button"
      >
         Finish Play 
      </button>
    </form>
  </app-board-form>
</app-board>
`;
