// Jest Snapshot v1, https://goo.gl/fbAQLP

exports[`AppComponent should match the snapshot 1`] = `
<app-root
  title={[Function String]}
>
  <app-board>
    <h1>
      Nim 2
    </h1>
    <span>
      
    </span>
    <app-board-form
      data-test-id="board"
    >
      <form
        novalidate=""
      >
        
        
        <button
          data-test-id="execute-play-button"
          type="button"
        >
           Finish Play 
        </button>
      </form>
    </app-board-form>
  </app-board>
</app-root>
`;
