// Jest Snapshot v1, https://goo.gl/fbAQLP

exports[`AppComponent should match the snapshot 1`] = `
<app-root
  title={[Function String]}
>
  <app-board>
    <span>
      
    </span>
    <app-board-form
      data-test-id="board"
    >
      <form
        novalidate=""
      >
        
        
      </form>
    </app-board-form>
  </app-board>
</app-root>
`;
