// Jest Snapshot v1, https://goo.gl/fbAQLP

exports[`AppComponent should match the snapshot 1`] = `
<app-root>
  <app-board>
    <div
      class="container"
    >
      <div
        class="row mt-5"
      >
        <div
          class="col-12 text-center"
        >
          <h1
            class="col-12"
          >
            You vs 🤖
          </h1>
        </div>
      </div>
      <div
        class="row mt-5"
      >
        <div
          class="col-12"
        >
          <app-board-form
            data-test-id="board"
          >
            <form
              novalidate=""
            >
              
              
              <div
                class="row mt-5"
              >
                <button
                  class="btn btn-primary"
                  data-test-id="execute-play-button"
                  type="button"
                >
                   Finish Play 
                </button>
                <button
                  class="btn btn-danger"
                  data-test-id="reset-button"
                  type="button"
                >
                   Reset Game 
                </button>
              </div>
            </form>
          </app-board-form>
        </div>
      </div>
    </div>
  </app-board>
</app-root>
`;
